exports[`Root renders correctly 1`] = `
<View
  style={
    Array [
      Object {
        "flex": 1,
        "overflow": "hidden"
      },
      Object {
        "backgroundColor": "white",
        "flex": 1
      }
    ]
  }>
  <View
    onMoveShouldSetResponder={[Function onMoveShouldSetResponder]}
    onMoveShouldSetResponderCapture={[Function onMoveShouldSetResponderCapture]}
    onResponderEnd={[Function onResponderEnd]}
    onResponderGrant={[Function onResponderGrant]}
    onResponderMove={[Function onResponderMove]}
    onResponderReject={[Function onResponderReject]}
    onResponderRelease={[Function onResponderRelease]}
    onResponderStart={[Function onResponderStart]}
    onResponderTerminate={[Function onResponderTerminate]}
    onResponderTerminationRequest={[Function bound _handleResponderTerminationRequest]}
    onStartShouldSetResponder={[Function onStartShouldSetResponder]}
    onStartShouldSetResponderCapture={[Function onStartShouldSetResponderCapture]}
    onTouchStart={[Function bound _handleTouchStart]}
    style={
      Object {
        "backgroundColor": "transparent",
        "flex": 1,
        "overflow": "hidden"
      }
    }>
    <View
      onStartShouldSetResponderCapture={[Function onStartShouldSetResponderCapture]}
      pointerEvents="auto"
      style={
        Array [
          Object {
            "bottom": 0,
            "left": 0,
            "overflow": "hidden",
            "position": "absolute",
            "right": 0,
            "top": 0
          },
          Object {
            "bottom": 0,
            "left": 0,
            "position": "absolute",
            "right": 0,
            "top": 0
          },
          null
        ]
      }>
      <View
        style={
          Object {
            "backgroundColor": "white",
            "flex": 1
          }
        }>
        <Text>
          TEST
        </Text>
      </View>
    </View>
  </View>
</View>
`;
