// Jest Snapshot v1, https://goo.gl/fbAQLP

exports[`CourseSummary renders correctly 1`] = `
<View
  accessibilityComponentType={undefined}
  accessibilityLabel={undefined}
  accessibilityTraits={undefined}
  accessible={true}
  collapsable={undefined}
  hitSlop={undefined}
  isTVSelectable={true}
  nativeID={undefined}
  onLayout={undefined}
  onResponderGrant={[Function]}
  onResponderMove={[Function]}
  onResponderRelease={[Function]}
  onResponderTerminate={[Function]}
  onResponderTerminationRequest={[Function]}
  onStartShouldSetResponder={[Function]}
  style={
    Object {
      "backgroundColor": "white",
      "borderColor": "#ddd",
      "borderRadius": 9,
      "borderWidth": 1,
      "flex": 1,
      "height": 667,
      "marginBottom": 13,
      "marginHorizontal": 10,
      "opacity": 1,
      "overflow": "hidden",
    }
  }
  testID={undefined}
  tvParallaxProperties={undefined}
>
  <View
    style={
      Array [
        Object {
          "flex": 1,
        },
        undefined,
      ]
    }
  >
    <Image
      source={
        Object {
          "uri": "data:image/png;base64,iVBORw0KGgoAAAANSUhEUgAAAEsAAABLCAQAAACSR7JhAAADtUlEQVR4Ac3YA2Bj6QLH0XPT1Fzbtm29tW3btm3bfLZtv7e2ObZnms7d8Uw098tuetPzrxv8wiISrtVudrG2JXQZ4VOv+qUfmqCGGl1mqLhoA52oZlb0mrjsnhKpgeUNEs91Z0pd1kvihA3ULGVHiQO2narKSHKkEMulm9VgUyE60s1aWoMQUbpZOWE+kaqs4eLEjdIlZTcFZB0ndc1+lhB1lZrIuk5P2aib1NBpZaL+JaOGIt0ls47SKzLC7CqrlGF6RZ09HGoNy1lYl2aRSWL5GuzqWU1KafRdoRp0iOQEiDzgZPnG6DbldcomadViflnl/cL93tOoVbsOLVM2jylvdWjXolWX1hmfZbGR/wjypDjFLSZIRov09BgYmtUqPQPlQrPapecLgTIy0jMgPKtTeob2zWtrGH3xvjUkPCtNg/tm1rjwrMa+mdUkPd3hWbH0jArPGiU9ufCsNNWFZ40wpwn+62/66R2RUtoso1OB34tnLOcy7YB1fUdc9e0q3yru8PGM773vXsuZ5YIZX+5xmHwHGVvlrGPN6ZSiP1smOsMMde40wKv2VmwPPVXNut4sVpUreZiLBHi0qln/VQeI/LTMYXpsJtFiclUN+5HVZazim+Ky+7sAvxWnvjXrJFneVtLWLyPJu9K3cXLWeOlbMTlrIelbMDlrLenrjEQOtIF+fuI9xRp9ZBFp6+b6WT8RrxEpdK64BuvHgDk+vUy+b5hYk6zfyfs051gRoNO1usU12WWRWL73/MMEy9pMi9qIrR4ZpV16Rrvduxazmy1FSvuFXRkqTnE7m2kdb5U8xGjLw/spRr1uTov4uOgQE+0N/DvFrG/Jt7i/FzwxbA9kDanhf2w+t4V97G8lrT7wc08aA2QNUkuTfW/KimT01wdlfK4yEw030VfT0RtZbzjeMprNq8m8tnSTASrTLti64oBNdpmMQm0eEwvfPwRbUBywG5TzjPCsdwk3IeAXjQblLCoXnDVeoAz6SfJNk5TTzytCNZk/POtTSV40NwOFWzw86wNJRpubpXsn60NJFlHeqlYRbslqZm2jnEZ3qcSKgm0kTli3zZVS7y/iivZTweYXJ26Y+RTbV1zh3hYkgyFGSTKPfRVbRqWWVReaxYeSLarYv1Qqsmh1s95S7G+eEWK0f3jYKTbV6bOwepjfhtafsvUsqrQvrGC8YhmnO9cSCk3yuY984F1vesdHYhWJ5FvASlacshUsajFt2mUM9pqzvKGcyNJW0arTKN1GGGzQlH0tXwLDgQTurS8eIQAAAABJRU5ErkJggg==",
        }
      }
      style={
        Object {
          "borderTopLeftRadius": 9,
          "borderTopRightRadius": 9,
          "flex": 5,
        }
      }
    />
    <View
      style={
        Array [
          Object {
            "flex": 3,
            "justifyContent": "space-around",
            "paddingHorizontal": 10,
            "paddingVertical": 15,
          },
          false,
        ]
      }
    >
      <Text
        accessible={true}
        allowFontScaling={true}
        disabled={false}
        ellipsizeMode="tail"
        style={
          Object {
            "color": "#222",
            "fontSize": 13,
            "fontWeight": "900",
          }
        }
      >
        
      </Text>
      <View
        style={
          Object {
            "justifyContent": "center",
          }
        }
      >
        <View
          style={
            Object {
              "alignItems": "center",
              "flexDirection": "row",
              "marginLeft": 8,
              "marginRight": 8,
            }
          }
        >
          <View
            style={
              Array [
                Object {
                  "backgroundColor": "black",
                  "flex": 1,
                  "height": 1,
                },
                Object {},
              ]
            }
          />
        </View>
      </View>
      <Text
        accessible={true}
        allowFontScaling={true}
        disabled={false}
        ellipsizeMode="tail"
        style={
          Object {
            "color": "#222",
            "fontSize": 12,
            "marginBottom": 3,
            "textDecorationLine": "underline",
          }
        }
      >
        0/0 
      </Text>
      <View
        style={
          Object {
            "backgroundColor": "#cdcdcd",
            "borderColor": "#cdcdcd",
            "borderWidth": 1,
            "flexDirection": "row",
            "height": 18,
          }
        }
      >
        <View
          style={
            Array [
              Object {
                "backgroundColor": "#00abc9",
              },
              Object {
                "flex": NaN,
              },
            ]
          }
        />
        <View
          style={
            Object {
              "flex": NaN,
            }
          }
        />
      </View>
    </View>
  </View>
</View>
`;
