exports[`Duration renders correctly 1`] = `
<View
  style={null} />
`;
