// Jest Snapshot v1, https://goo.gl/fbAQLP

exports[`EmptyList renders correctly 1`] = `
<View
  style={
    Object {
      "alignItems": "center",
      "flex": 1,
      "justifyContent": "center",
    }
  }
>
  <View
    linkStyle={false}
    linkText="[missing \\"en.actWebsite\\" translation]"
    onPress={[Function]}
    style={undefined}
  >
    <Text
      accessible={true}
      allowFontScaling={true}
      ellipsizeMode="tail"
      style={
        Object {
          "color": "#222",
          "fontSize": 17,
          "lineHeight": 22,
          "margin": 30,
          "textAlign": "center",
        }
      }
    />
  </View>
</View>
`;
