exports[`MenuItem renders correctly 1`] = `
<View
  style={
    Object {
      "alignItems": "center",
      "flexDirection": "row",
      "justifyContent": "flex-start",
      "marginBottom": 30,
    }
  }>
  <Text
    accessible={true}
    allowFontScaling={false}
    ellipsizeMode="tail"
    style={
      Array [
        Object {
          "color": undefined,
          "fontSize": 12,
        },
        Object {
          "color": "#999",
          "fontSize": 32,
          "marginRight": 10,
        },
        Object {
          "fontFamily": "Material Icons",
          "fontStyle": "normal",
          "fontWeight": "normal",
        },
      ]
    }>
    î…˜
  </Text>
  <Text
    accessible={true}
    allowFontScaling={true}
    ellipsizeMode="tail"
    onPress={[Function]}
    style={
      Object {
        "color": "#33bcd0",
        "fontSize": 17,
      }
    }>
    text
  </Text>
</View>
`;
