exports[`NextLectureArea renders correctly 1`] = `
<View
  style={
    Array [
      Object {
        "alignItems": "stretch",
        "justifyContent": "center"
      },
      0
    ]
  }>
  <View
    accessibilityComponentType={undefined}
    accessibilityLabel={undefined}
    accessibilityTraits={undefined}
    accessible={true}
    hitSlop={undefined}
    onLayout={undefined}
    onResponderGrant={[Function bound touchableHandleResponderGrant]}
    onResponderMove={[Function bound touchableHandleResponderMove]}
    onResponderRelease={[Function bound touchableHandleResponderRelease]}
    onResponderTerminate={[Function bound touchableHandleResponderTerminate]}
    onResponderTerminationRequest={[Function bound touchableHandleResponderTerminationRequest]}
    onStartShouldSetResponder={[Function bound touchableHandleStartShouldSetResponder]}
    style={
      Object {
        "opacity": 1
      }
    }
    testID={undefined}>
    <View
      style={
        Object {
          "alignItems": "flex-start",
          "flex": 2,
          "justifyContent": "center",
          "overflow": "hidden"
        }
      }>
      <Image
        resizeMode="contain"
        source={1}
        style={Object {}} />
      <Text
        accessible={true}
        allowFontScaling={true}
        ellipsizeMode="tail"
        style={
          Object {
            "backgroundColor": "rgba(0,0,0,0)",
            "color": "white",
            "left": 75,
            "position": "absolute",
            "top": 30
          }
        } />
    </View>
    <View
      style={
        Object {
          "alignItems": "center",
          "backgroundColor": "#579eff",
          "flex": 1,
          "justifyContent": "center"
        }
      }>
      <Text
        accessible={true}
        allowFontScaling={true}
        ellipsizeMode="tail"
        style={
          Object {
            "color": "white",
            "fontWeight": "900"
          }
        }>
        [missing \"en.nextLecture\" translation]
      </Text>
    </View>
  </View>
</View>
`;
