exports[`Progress renders correctly 1`] = `
<View
  style={
    Object {
      "flex": 1,
      "justifyContent": "center",
    }
  }>
  <Text
    accessible={true}
    allowFontScaling={true}
    ellipsizeMode="tail"
    style={
      Object {
        "color": "#4a4a4a",
        "marginBottom": 5,
      }
    }>
    0/10 [missing \"en.progressText\" translation]
  </Text>
  <ProgressBar
    progress={0} />
</View>
`;
