exports[`TextField renders correctly 1`] = `
<TextInput
  onChangeText={[Function]}
  selectTextOnFocus={true}
  underlineColorAndroid="transparent"
  value="text" />
`;
